// Jest Snapshot v1, https://goo.gl/fbAQLP

exports[`renders without crashing 1`] = `
<BrowserRouter>
  <Switch>
    <Route
      component={[Function]}
      exact={true}
      key="route0"
      path="/"
    />
    <Route
      component={[Function]}
      exact={false}
      key="route1"
      path="*"
    />
  </Switch>
</BrowserRouter>
`;
